// Jest Snapshot v1, https://goo.gl/fbAQLP

exports[`button component tests renders button component 1`] = `
<button
  onClick={[Function]}
>
   Submit 
</button>
`;
