// Jest Snapshot v1, https://goo.gl/fbAQLP

exports[`header component tests renders header component 1`] = `
<h1>
   
   
</h1>
`;
